// Jest Snapshot v1, https://goo.gl/fbAQLP

exports[`DeckParser Should Work with energy deck 1`] = `
Object {
  "cards": Array [
    Object {
      "amount": 1,
      "code": 105,
      "name": "Grass Energy",
      "ptcgoio": Object {
        "id": "bw1-105",
      },
      "raw": "* 1 Grass Energy Energy 1",
      "set": "BLW",
    },
    Object {
      "amount": 1,
      "code": 128,
      "name": "Fire Energy",
      "ptcgoio": Object {
        "id": "gym1-128",
      },
      "raw": "* 1 Fire Energy Energy 2",
      "set": "G1",
    },
    Object {
      "amount": 1,
      "code": 102,
      "name": "Water Energy",
      "ptcgoio": Object {
        "id": "base1-102",
      },
      "raw": "* 1 Water Energy Energy 3",
      "set": "BS",
    },
    Object {
      "amount": 1,
      "code": 130,
      "name": "Lightning Energy",
      "ptcgoio": Object {
        "id": "gym1-130",
      },
      "raw": "* 1 Lightning Energy Energy 4",
      "set": "G1",
    },
    Object {
      "amount": 1,
      "code": 92,
      "name": "Psychic Energy",
      "ptcgoio": Object {
        "id": "col1-92",
      },
      "raw": "* 1 Psychic Energy Energy 5",
      "set": "CL",
    },
    Object {
      "amount": 1,
      "code": 96,
      "name": "Basic Fighting Energy",
      "ptcgoio": Object {
        "id": "xy12-96",
      },
      "raw": "* 1 Fighting Energy Energy 6",
      "set": "EVO",
    },
    Object {
      "amount": 1,
      "code": 168,
      "name": "Darkness Energy",
      "ptcgoio": Object {
        "id": "sm3-168",
      },
      "raw": "* 1 Darkness Energy Energy 7",
      "set": "BUS",
    },
    Object {
      "amount": 1,
      "code": 98,
      "name": "Basic Metal Energy",
      "ptcgoio": Object {
        "id": "xy12-98",
      },
      "raw": "* 1 Metal Energy Energy 8",
      "set": "EVO",
    },
    Object {
      "amount": 1,
      "code": 169,
      "name": "Fairy Energy",
      "ptcgoio": Object {
        "id": "sm3-169",
      },
      "raw": "* 1 Fairy Energy Energy 9",
      "set": "BUS",
    },
  ],
}
`;

exports[`DeckParser Should Work with promo deck 1`] = `
Object {
  "cards": Array [
    Object {
      "amount": 1,
      "code": "XY116",
      "name": "Arceus",
      "ptcgoio": Object {
        "id": "xyp-XY116",
      },
      "raw": "* 1 Arceus PR-XY 116",
      "set": "PR-XY",
    },
    Object {
      "amount": 1,
      "code": "XY62",
      "name": "Absol-EX",
      "ptcgoio": Object {
        "id": "xyp-XY62",
      },
      "raw": "* 1 Absol-EX PR-XY 62",
      "set": "PR-XY",
    },
    Object {
      "amount": 1,
      "code": "SM43",
      "name": "Alolan Meowth",
      "ptcgoio": Object {
        "id": "smp-SM43",
      },
      "raw": "* 1 Alolan Meowth PR-SM 43",
      "set": "PR-SM",
    },
    Object {
      "amount": 1,
      "code": "SM51",
      "name": "Alolan Meowth",
      "ptcgoio": Object {
        "id": "smp-SM51",
      },
      "raw": "* 1 Alolan Meowth PR-SM 51",
      "set": "PR-SM",
    },
    Object {
      "amount": 1,
      "code": "XY63",
      "name": "M Absol-EX",
      "ptcgoio": Object {
        "id": "xyp-XY63",
      },
      "raw": "* 1 M Absol-EX PR-XY 63",
      "set": "PR-XY",
    },
    Object {
      "amount": 1,
      "code": "SM128",
      "name": "Alolan Ninetales",
      "ptcgoio": Object {
        "id": "smp-SM128",
      },
      "raw": "* 1 Alolan Ninetales PR-SM 128",
      "set": "PR-SM",
    },
    Object {
      "amount": 1,
      "code": "XY97",
      "name": "Aerodactyl-EX",
      "ptcgoio": Object {
        "id": "xyp-XY97",
      },
      "raw": "* 1 Aerodactyl-EX PR-XY 97",
      "set": "PR-XY",
    },
    Object {
      "amount": 1,
      "code": "XY98",
      "name": "M Aerodactyl-EX",
      "ptcgoio": Object {
        "id": "xyp-XY98",
      },
      "raw": "* 1 M Aerodactyl-EX PR-XY 98",
      "set": "PR-XY",
    },
    Object {
      "amount": 1,
      "code": 65,
      "name": "Aegislash-EX",
      "ptcgoio": Object {
        "id": "xy4-65",
      },
      "raw": "* 1 Aegislash-EX PHF 65",
      "set": "PHF",
    },
    Object {
      "amount": 1,
      "code": "SM127",
      "name": "Alolan Sandslash",
      "ptcgoio": Object {
        "id": "smp-SM127",
      },
      "raw": "* 1 Alolan Sandslash PR-SM 127",
      "set": "PR-SM",
    },
    Object {
      "amount": 1,
      "code": 19,
      "name": "Alolan Sandshrew",
      "ptcgoio": Object {
        "id": "sm2-19",
      },
      "raw": "* 1 Alolan Sandshrew GRI 19",
      "set": "GRI",
    },
    Object {
      "amount": 1,
      "code": "SM18",
      "name": "Alolan Sandslash",
      "ptcgoio": Object {
        "id": "smp-SM18",
      },
      "raw": "* 1 Alolan Sandslash PR-SM 18",
      "set": "PR-SM",
    },
    Object {
      "amount": 1,
      "code": 131,
      "name": "Rainbow Energy",
      "ptcgoio": Object {
        "id": "xy1-131",
      },
      "raw": "* 1 Rainbow Energy XY 131",
      "set": "XY",
    },
    Object {
      "amount": 1,
      "code": 107,
      "name": "Water Energy",
      "ptcgoio": Object {
        "id": "bw1-107",
      },
      "raw": "* 1 Water Energy BLW 107",
      "set": "BLW",
    },
    Object {
      "amount": 1,
      "code": 112,
      "name": "Metal Energy",
      "ptcgoio": Object {
        "id": "bw1-112",
      },
      "raw": "* 1 Metal Energy BLW 112",
      "set": "BLW",
    },
    Object {
      "amount": 1,
      "code": 109,
      "name": "Psychic Energy",
      "ptcgoio": Object {
        "id": "bw1-109",
      },
      "raw": "* 1 Psychic Energy BLW 109",
      "set": "BLW",
    },
    Object {
      "amount": 1,
      "code": 110,
      "name": "Fighting Energy",
      "ptcgoio": Object {
        "id": "bw1-110",
      },
      "raw": "* 1 Fighting Energy BLW 110",
      "set": "BLW",
    },
    Object {
      "amount": 1,
      "code": 169,
      "name": "Fairy Energy",
      "ptcgoio": Object {
        "id": "sm3-169",
      },
      "raw": "* 1 Fairy Energy XYEnergy 2",
      "set": "BUS",
    },
    Object {
      "amount": 1,
      "code": 105,
      "name": "Grass Energy",
      "ptcgoio": Object {
        "id": "bw1-105",
      },
      "raw": "* 1 Grass Energy BLW 105",
      "set": "BLW",
    },
    Object {
      "amount": 1,
      "code": 108,
      "name": "Lightning Energy",
      "ptcgoio": Object {
        "id": "bw1-108",
      },
      "raw": "* 1 Lightning Energy BLW 108",
      "set": "BLW",
    },
    Object {
      "amount": 1,
      "code": 168,
      "name": "Darkness Energy",
      "ptcgoio": Object {
        "id": "sm3-168",
      },
      "raw": "* 1 Darkness Energy XYEnergy 1",
      "set": "BUS",
    },
    Object {
      "amount": 1,
      "code": 106,
      "name": "Fire Energy",
      "ptcgoio": Object {
        "id": "bw1-106",
      },
      "raw": "* 1 Fire Energy BLW 106",
      "set": "BLW",
    },
  ],
}
`;

exports[`DeckParser Should Work with test deck 1`] = `
Object {
  "cards": Array [
    Object {
      "amount": 1,
      "code": 113,
      "name": "Oranguru",
      "ptcgoio": Object {
        "id": "sm1-113",
      },
      "raw": "* 1 Oranguru SUM 113",
      "set": "SUM",
    },
    Object {
      "amount": 3,
      "code": 74,
      "name": "Darkrai-EX",
      "ptcgoio": Object {
        "id": "xy9-74",
      },
      "raw": "* 3 Darkrai-EX BKP 74",
      "set": "BKP",
    },
    Object {
      "amount": 4,
      "code": 94,
      "name": "Dratini",
      "ptcgoio": Object {
        "id": "sm1-94",
      },
      "raw": "* 4 Dratini SUM 94",
      "set": "SUM",
    },
    Object {
      "amount": 3,
      "code": 95,
      "name": "Dragonair",
      "ptcgoio": Object {
        "id": "sm1-95",
      },
      "raw": "* 3 Dragonair SUM 95",
      "set": "SUM",
    },
    Object {
      "amount": 1,
      "code": 51,
      "name": "Dragonite",
      "ptcgoio": Object {
        "id": "xy6-51",
      },
      "raw": "* 1 Dragonite ROS 51",
      "set": "ROS",
    },
    Object {
      "amount": 1,
      "code": 29,
      "name": "Mew",
      "ptcgoio": Object {
        "id": "xy10-29",
      },
      "raw": "* 1 Mew FCO 29",
      "set": "FCO",
    },
    Object {
      "amount": 1,
      "code": 99,
      "name": "Fighting Fury Belt",
      "ptcgoio": Object {
        "id": "xy9-99",
      },
      "raw": "* 1 Fighting Fury Belt BKP 99",
      "set": "BKP",
    },
    Object {
      "amount": 2,
      "code": 69,
      "name": "Ace Trainer",
      "ptcgoio": Object {
        "id": "xy7-69",
      },
      "raw": "* 2 Ace Trainer AOR 69",
      "set": "AOR",
    },
    Object {
      "amount": 4,
      "code": 92,
      "name": "Trainers' Mail",
      "ptcgoio": Object {
        "id": "xy6-92",
      },
      "raw": "* 4 Trainers' Mail ROS 92",
      "set": "ROS",
    },
    Object {
      "amount": 2,
      "code": 122,
      "name": "Lillie",
      "ptcgoio": Object {
        "id": "sm1-122",
      },
      "raw": "* 2 Lillie SUM 122",
      "set": "SUM",
    },
    Object {
      "amount": 3,
      "code": 146,
      "name": "Professor's Letter",
      "ptcgoio": Object {
        "id": "xy8-146",
      },
      "raw": "* 3 Professor's Letter BKT 146",
      "set": "BKT",
    },
    Object {
      "amount": 1,
      "code": 149,
      "name": "Super Rod",
      "ptcgoio": Object {
        "id": "xy8-149",
      },
      "raw": "* 1 Super Rod BKT 149",
      "set": "BKT",
    },
    Object {
      "amount": 2,
      "code": 78,
      "name": "Lysandre",
      "ptcgoio": Object {
        "id": "xy7-78",
      },
      "raw": "* 2 Lysandre AOR 78",
      "set": "AOR",
    },
    Object {
      "amount": 3,
      "code": 107,
      "name": "Professor Sycamore",
      "ptcgoio": Object {
        "id": "xy9-107",
      },
      "raw": "* 3 Professor Sycamore BKP 107",
      "set": "BKP",
    },
    Object {
      "amount": 1,
      "code": 77,
      "name": "Lucky Helmet",
      "ptcgoio": Object {
        "id": "xy7-77",
      },
      "raw": "* 1 Lucky Helmet AOR 77",
      "set": "AOR",
    },
    Object {
      "amount": 1,
      "code": 38,
      "name": "Switch",
      "ptcgoio": Object {
        "id": "xy0-38",
      },
      "raw": "* 1 Switch KSS 38",
      "set": "KSS",
    },
    Object {
      "amount": 1,
      "code": 136,
      "name": "Fisherman",
      "ptcgoio": Object {
        "id": "xy8-136",
      },
      "raw": "* 1 Fisherman BKT 136",
      "set": "BKT",
    },
    Object {
      "amount": 1,
      "code": 127,
      "name": "Escape Rope",
      "ptcgoio": Object {
        "id": "xy5-127",
      },
      "raw": "* 1 Escape Rope PRC 127",
      "set": "PRC",
    },
    Object {
      "amount": 1,
      "code": 105,
      "name": "Special Charge",
      "ptcgoio": Object {
        "id": "xy11-105",
      },
      "raw": "* 1 Special Charge STS 105",
      "set": "STS",
    },
    Object {
      "amount": 1,
      "code": 109,
      "name": "VS Seeker",
      "ptcgoio": Object {
        "id": "xy4-109",
      },
      "raw": "* 1 VS Seeker PHF 109",
      "set": "PHF",
    },
    Object {
      "amount": 3,
      "code": 113,
      "name": "Ultra Ball",
      "ptcgoio": Object {
        "id": "xy10-113",
      },
      "raw": "* 3 Ultra Ball FCO 113",
      "set": "FCO",
    },
    Object {
      "amount": 2,
      "code": 137,
      "name": "Float Stone",
      "ptcgoio": Object {
        "id": "xy8-137",
      },
      "raw": "* 2 Float Stone BKT 137",
      "set": "BKT",
    },
    Object {
      "amount": 2,
      "code": 76,
      "name": "Level Ball",
      "ptcgoio": Object {
        "id": "xy7-76",
      },
      "raw": "* 2 Level Ball AOR 76",
      "set": "AOR",
    },
    Object {
      "amount": 1,
      "code": 183,
      "name": "Rainbow Energy",
      "ptcgoio": Object {
        "id": "sm7-183",
      },
      "raw": "* 1 Rainbow Energy CES 183",
      "set": "CES",
    },
    Object {
      "amount": 4,
      "code": 97,
      "name": "Double Dragon Energy",
      "ptcgoio": Object {
        "id": "xy6-97",
      },
      "raw": "* 4 Double Dragon Energy ROS 97",
      "set": "ROS",
    },
    Object {
      "amount": 10,
      "code": 168,
      "name": "Darkness Energy",
      "ptcgoio": Object {
        "id": "sm3-168",
      },
      "raw": "* 10 Darkness Energy Energy 7",
      "set": "BUS",
    },
    Object {
      "amount": 1,
      "code": 102,
      "name": "Water Energy",
      "ptcgoio": Object {
        "id": "base1-102",
      },
      "raw": "* 1 Water Energy Energy 3",
      "set": "BS",
    },
    Object {
      "amount": 18,
      "code": 92,
      "name": "Psychic Energy",
      "ptcgoio": Object {
        "id": "col1-92",
      },
      "raw": "* 18 Psychic Energy XYEnergy 8",
      "set": "CL",
    },
  ],
}
`;
